
> iot-security-dashboard@0.1.0 build
> vite build

[36mvite v8.0.10 [32mbuilding client environment for production...[36m[39m
[2Ktransforming...✓ 1908 modules transformed.
[33m[lightningcss minify] Unknown at rule: @theme
2  |  
3  |  @layer theme {
4  |    @theme default {
   |          ^
5  |      --font-sans:
6  |        ui-sans-serif, system-ui, sans-serif, "Apple Color Emoji",[39m
[33m[lightningcss minify] Unknown at rule: @theme
522 |  
523 |    /* Deprecated */
524 |    @theme default inline reference {
    |          ^
525 |      --blur: 8px;
526 |      --shadow: 0 1px 3px 0 rgb(0 0 0 / 0.1), 0 1px 2px -1px rgb(0 0 0 / 0.1);[39m
[33m[lightningcss minify] Unknown at rule: @tailwind
941 |  
942 |  @layer utilities {
943 |    @tailwind utilities;
    |             ^
944 |  }
945 |  [39m
rendering chunks...
computing gzip size...
dist/index.html                   0.45 kB │ gzip:   0.30 kB
dist/assets/index-CC9e7PmP.css   21.69 kB │ gzip:   6.03 kB
dist/assets/index-Bk9v6gTX.js   500.78 kB │ gzip: 170.68 kB

[33m[plugin builtin:vite-reporter] 
(!) Some chunks are larger than 500 kB after minification. Consider:
- Using dynamic import() to code-split the application
- Use build.rolldownOptions.output.codeSplitting to improve chunking: https://rolldown.rs/reference/OutputOptions.codeSplitting
- Adjust chunk size limit for this warning via build.chunkSizeWarningLimit.[39m
[31m✗[39m Build failed in 366ms
[31merror during build:
[31mBuild failed with 1 error:

Error: [vite]: Rolldown failed to resolve import "web-vitals" from "D:/GitHub/uni-fyp/frontend/iot-security-dashboard/src/reportWebVitals.js".
This is most likely unintended because it can break your application at runtime.
If you do want to externalize this module explicitly add it to
`build.rollupOptions.external`
    at viteLog (file:///D:/GitHub/uni-fyp/frontend/iot-security-dashboard/node_modules/vite/dist/node/chunks/node.js:33111:57)
    at file:///D:/GitHub/uni-fyp/frontend/iot-security-dashboard/node_modules/vite/dist/node/chunks/node.js:33147:71
    at onwarn (file:///D:/GitHub/uni-fyp/frontend/iot-security-dashboard/node_modules/@vitejs/plugin-react/dist/index.js:40:7)
    at file:///D:/GitHub/uni-fyp/frontend/iot-security-dashboard/node_modules/vite/dist/node/chunks/node.js:33147:28
    at onRollupLog (file:///D:/GitHub/uni-fyp/frontend/iot-security-dashboard/node_modules/vite/dist/node/chunks/node.js:33142:63)
    at onLog (file:///D:/GitHub/uni-fyp/frontend/iot-security-dashboard/node_modules/vite/dist/node/chunks/node.js:32911:4)
    at file:///D:/GitHub/uni-fyp/frontend/iot-security-dashboard/node_modules/rolldown/dist/shared/rolldown-build-DSxL8qiP.mjs:50:26
    at logger (file:///D:/GitHub/uni-fyp/frontend/iot-security-dashboard/node_modules/rolldown/dist/shared/rolldown-build-DSxL8qiP.mjs:41:3)
    at onLog (file:///D:/GitHub/uni-fyp/frontend/iot-security-dashboard/node_modules/rolldown/dist/shared/bindingify-input-options-DbbBhzky.mjs:1991:32)[31m
    at aggregateBindingErrorsIntoJsError (file:///D:/GitHub/uni-fyp/frontend/iot-security-dashboard/node_modules/rolldown/dist/shared/error-DL-e8-oE.mjs:48:18)
    at unwrapBindingResult (file:///D:/GitHub/uni-fyp/frontend/iot-security-dashboard/node_modules/rolldown/dist/shared/error-DL-e8-oE.mjs:18:128)
    at #build (file:///D:/GitHub/uni-fyp/frontend/iot-security-dashboard/node_modules/rolldown/dist/shared/rolldown-build-DSxL8qiP.mjs:3317:34)
    at async buildEnvironment (file:///D:/GitHub/uni-fyp/frontend/iot-security-dashboard/node_modules/vite/dist/node/chunks/node.js:33018:64)
    at async Object.build (file:///D:/GitHub/uni-fyp/frontend/iot-security-dashboard/node_modules/vite/dist/node/chunks/node.js:33440:19)
    at async Object.buildApp (file:///D:/GitHub/uni-fyp/frontend/iot-security-dashboard/node_modules/vite/dist/node/chunks/node.js:33437:153)
    at async CAC.<anonymous> (file:///D:/GitHub/uni-fyp/frontend/iot-security-dashboard/node_modules/vite/dist/node/cli.js:778:3) {
  errors: [Getter/Setter]
}[39m
